#0 building with "default" instance using docker driver

#1 [internal] load build definition from Dockerfile
#1 transferring dockerfile: 1.43kB done
#1 DONE 0.0s

#2 [internal] load metadata for docker.io/library/node:22-alpine
#2 DONE 0.3s

#3 [internal] load .dockerignore
#3 transferring context: 304B done
#3 DONE 0.0s

#4 [base 1/4] FROM docker.io/library/node:22-alpine@sha256:8ea2348b068a9544dae7317b4f3aafcdc032df1647bb7d768a05a5cad1a7683f
#4 DONE 0.0s

#5 [internal] load build context
#5 transferring context: 69.01kB 0.0s done
#5 DONE 0.1s

#6 [deps 1/4] RUN apk add --no-cache python3 build-base g++ cairo-dev pango-dev jpeg-dev giflib-dev librsvg-dev
#6 CACHED

#7 [base 2/4] RUN apk add --no-cache libc6-compat
#7 CACHED

#8 [deps 2/4] COPY package.json pnpm-lock.yaml pnpm-workspace.yaml ./
#8 CACHED

#9 [deps 3/4] COPY packages/ ./packages/
#9 CACHED

#10 [base 4/4] WORKDIR /app
#10 CACHED

#11 [deps 4/4] RUN pnpm install --frozen-lockfile
#11 CACHED

#12 [builder 1/4] COPY --from=deps /app/node_modules ./node_modules
#12 CACHED

#13 [base 3/4] RUN corepack enable && corepack prepare pnpm@10.28.0 --activate
#13 CACHED

#14 [builder 2/4] COPY --from=deps /app/packages ./packages
#14 CACHED

#15 [builder 3/4] COPY . .
#15 DONE 0.4s

#16 [builder 4/4] RUN pnpm prisma generate && NODE_OPTIONS="--max-old-space-size=4096" pnpm build
#16 CANCELED
ERROR: failed to build: failed to solve: Canceled: context canceled
